---
source: tui/src/status/tests.rs
expression: sanitized
---
/status

╭──────────────────────────────────────────────────────────╮
│  >_ OpenAI Codex (v0.111.0)                              │
│                                                          │
│ 可访问 https://chatgpt.com/codex/settings/usage 查看最新 │
│ 配额与额度信息                                           │
│                                                          │
│  模型:         gpt-5.1-codex-max (推理：无, 总结：自动)  │
│  目录: [[workspace]]                                     │
│  权限:         自定义（只读，按需询问）                  │
│  AGENTS.md:    无                                        │
│                                                          │
│  Token 用量:   750 总计  (500 输入 + 250 输出)           │
│  上下文窗口:   100% 剩余 (750 已用 / 272K)               │
│  配额:         数据暂不可用                              │
╰──────────────────────────────────────────────────────────╯
