---
source: tui/src/status_indicator_widget.rs
expression: terminal.backend()
---
"• 处理中 (0s • esc 中断)                                                        " Hidden by multi-width symbols: [(3, " "), (5, " "), (7, " "), (20, " "), (22, " ")]
"                                                                                "
