---
source: tui/src/bottom_pane/request_user_input/mod.rs
expression: "render_snapshot(&overlay, area)"
---
                                                                                                                        
  问 题  1/1（ 未 回 答  1）                                                                                                   
  Choose an option.                                                                                                     
                                                                                                                        
  › 1. Option 1  First choice.                                                                                          
    2. Option 2  Second choice.                                                                                         
    3. Option 3  Third choice.                                                                                          
                                                                                                                        
  › 添 加 备 注                                                                                                             
                                                                                                                        
                                                                                                                        
                                                                                                                        
                                                                                                                        
                                                                                                                        
  Tab 或  Esc 清 空 备 注  | Enter 提 交 当 前 答 案
