---
source: tui/src/bottom_pane/request_user_input/mod.rs
expression: "render_snapshot(&overlay, area)"
---
                                                                                
  仍 有 未 回 答 问 题 ， 是 否 提 交 ？                                                     
  还 有  2 个 问 题 未 回 答                                                            
                                                                                
  › 1. 继 续 提 交   仍 有  2 个 问 题 未 回 答 ， 仍 要 提 交 。                                 
    2. 返 回       返 回 到 第 一 个 未 回 答 的 问 题 。                                      
                                                                                
                                                                                
                                                                                
                                                                                
  按  enter 确 认 ， 或 按  esc 返 回
