---
source: tui/src/bottom_pane/chat_composer.rs
expression: terminal.backend()
---
"                                                                                                                        "
"› Ask Codex to do anything                                                                                              "
"                                                                                                                        "
"                                                                                                                        "
"                                                                                                                        "
"                                                                                                                        "
"                                                                                                                        "
"                                                                                                                        "
"  ? 快捷键                                                                                             剩余上下文 100%  " Hidden by multi-width symbols: [(5, " "), (7, " "), (9, " "), (104, " "), (106, " "), (108, " "), (110, " "), (112, " ")]
