---
source: tui/src/bottom_pane/chat_composer.rs
expression: terminal.backend()
---
"                    "
"› Test              "
"                    "
"                    "
"                    "
"                    "
"                    "
"                    "
"  计划模式          " Hidden by multi-width symbols: [(3, " "), (5, " "), (7, " "), (9, " ")]
