---
source: tui/src/bottom_pane/footer.rs
expression: terminal.backend()
---
"  / 打开命令                         ! 打开终端命令                             " Hidden by multi-width symbols: [(5, " "), (7, " "), (9, " "), (11, " "), (40, " "), (42, " "), (44, " "), (46, " "), (48, " "), (50, " ")]
"  ctrl + j 插入换行                  tab 将消息加入队列                         " Hidden by multi-width symbols: [(12, " "), (14, " "), (16, " "), (18, " "), (42, " "), (44, " "), (46, " "), (48, " "), (50, " "), (52, " "), (54, " ")]
"  @ 选择文件路径                     ctrl + v 粘贴图片                          " Hidden by multi-width symbols: [(5, " "), (7, " "), (9, " "), (11, " "), (13, " "), (15, " "), (47, " "), (49, " "), (51, " "), (53, " ")]
"  ctrl + g 在外部编辑器中编辑        esc esc 编辑上一条消息                     " Hidden by multi-width symbols: [(12, " "), (14, " "), (16, " "), (18, " "), (20, " "), (22, " "), (24, " "), (26, " "), (28, " "), (46, " "), (48, " "), (50, " "), (52, " "), (54, " "), (56, " "), (58, " ")]
"  ctrl + c 退出                      shift + tab 切换模式                       " Hidden by multi-width symbols: [(12, " "), (14, " "), (50, " "), (52, " "), (54, " "), (56, " ")]
"                                     ctrl + t 查看转录                          " Hidden by multi-width symbols: [(47, " "), (49, " "), (51, " "), (53, " ")]
