---
source: tui/src/bottom_pane/chat_composer.rs
expression: terminal.backend()
---
"                              "
"› Test                        "
"                              "
"                              "
"                              "
"                              "
"                              "
"                              "
"  tab 加入队列 | 计划模式     " Hidden by multi-width symbols: [(7, " "), (9, " "), (11, " "), (13, " "), (18, " "), (20, " "), (22, " "), (24, " ")]
