---
source: tui/src/bottom_pane/skills_toggle_view.rs
expression: "render_lines(&view, 72)"
---
                                                                        
  启 用 /禁 用 技 能                                                          
  可 开 启 或 关 闭 技 能 ， 变 更 会 自 动 保 存 。                                     
                                                                        
  输 入 以 搜 索 技 能                                                         
  >                                                                     
› [x] Repo Scout        Summarize the repo layout                       
  [ ] Changelog Writer  Draft release notes                             
                                                                        
  按  space 或  enter 切 换 ； esc 关 闭
