---
source: tui/src/bottom_pane/list_selection_view.rs
expression: "render_lines_with_width(&view, 40)"
---
                                        
  Select Approval Mode                  
                                        
› 1. Read Only（ 当 前 ）   Codex can read  
                        files           
                                        
  Note: Use /setup-default-sandbox to   
  allow network access.                 
  按  enter 确 认 ， 或 按  esc 返 回
