---
source: tui/src/bottom_pane/chat_composer.rs
expression: terminal.backend()
---
"                                                                                                    "
"› [Image #1][Image #2]                                                                              "
"                                                                                                    "
"                                                                                                    "
"                                                                                                    "
"                                                                                                    "
"                                                                                                    "
"                                                                                                    "
"                                                                                   剩余上下文 100%  " Hidden by multi-width symbols: [(84, " "), (86, " "), (88, " "), (90, " "), (92, " ")]
