---
source: tui/src/bottom_pane/chat_composer.rs
expression: terminal.backend()
---
"                                                                                                                        "
"› Ask Codex to do anything                                                                                              "
"                                                                                                                        "
"                                                                                                                        "
"                                                                                                                        "
"                                                                                                                        "
"                                                                                                                        "
"                                                                                                                        "
"  ? 快捷键 | 计划模式 (shift+tab 切换)                                                                 剩余上下文 100%  " Hidden by multi-width symbols: [(5, " "), (7, " "), (9, " "), (14, " "), (16, " "), (18, " "), (20, " "), (34, " "), (36, " "), (104, " "), (106, " "), (108, " "), (110, " "), (112, " ")]
