---
source: tui/src/bottom_pane/footer.rs
expression: terminal.backend()
---
"  ? 快捷键 | 计划模式 (shift+tab 切换)                                                                  剩余上下文 50%  " Hidden by multi-width symbols: [(5, " "), (7, " "), (9, " "), (14, " "), (16, " "), (18, " "), (20, " "), (34, " "), (36, " "), (105, " "), (107, " "), (109, " "), (111, " "), (113, " ")]
