---
source: tui/src/chatwidget/tests.rs
expression: terminal.backend()
---
"                                                                                "
"• 处理中 (0s • esc 中断) · 1 个后台终端正在运行 · /ps 查看 · /clean 关闭        " Hidden by multi-width symbols: [(3, " "), (5, " "), (7, " "), (20, " "), (22, " "), (30, " "), (32, " "), (34, " "), (36, " "), (38, " "), (40, " "), (42, " "), (44, " "), (46, " "), (55, " "), (57, " "), (69, " "), (71, " ")]
"                                                                                "
"                                                                                "
"› Ask Codex to do anything                                                      "
"                                                                                "
"  ? 快捷键                                                     剩余上下文 100%  " Hidden by multi-width symbols: [(5, " "), (7, " "), (9, " "), (64, " "), (66, " "), (68, " "), (70, " "), (72, " ")]
