---
source: tui/src/chatwidget/tests.rs
expression: terminal.backend()
---
"                                                                                                    "
"                                                                                                    "
"  是否允许执行以下命令？                                                                            " Hidden by multi-width symbols: [(3, " "), (5, " "), (7, " "), (9, " "), (11, " "), (13, " "), (15, " "), (17, " "), (19, " "), (21, " "), (23, " ")]
"                                                                                                    "
"  原因：this is a test reason such as one that would be produced by the model                       " Hidden by multi-width symbols: [(3, " "), (5, " "), (7, " ")]
"                                                                                                    "
"  $ echo 'hello world'                                                                              "
"                                                                                                    "
"› 1. 是，继续执行 (y)                                                                               " Hidden by multi-width symbols: [(6, " "), (8, " "), (10, " "), (12, " "), (14, " "), (16, " ")]
"  2. 是，以后命令以前缀 `echo 'hello world'` 开头时不再询问 (p)                                     " Hidden by multi-width symbols: [(6, " "), (8, " "), (10, " "), (12, " "), (14, " "), (16, " "), (18, " "), (20, " "), (22, " "), (46, " "), (48, " "), (50, " "), (52, " "), (54, " "), (56, " "), (58, " ")]
"  3. 否，并告知 Codex 应如何调整 (esc)                                                              " Hidden by multi-width symbols: [(6, " "), (8, " "), (10, " "), (12, " "), (14, " "), (23, " "), (25, " "), (27, " "), (29, " "), (31, " ")]
"                                                                                                    "
"  按 enter 确认，按 esc 取消                                                                        " Hidden by multi-width symbols: [(3, " "), (12, " "), (14, " "), (16, " "), (18, " "), (25, " "), (27, " ")]
